<html>
<body>
<pre>
<h1>µVision Build Log</h1>
<h2>Project:</h2>
D:\3 Comp\Microcontroller Project 1 - Copy\Microcontroller project_1.uvproj
Project File Date:  03/19/2019

<h2>Output:</h2>
Build target 'MC_1'
compiling main.c...
linking...
Program Size: Code=3148 RO-data=652 RW-data=16 ZI-data=608  
".\Microcontroller project_1.axf" - 0 Error(s), 0 Warning(s).
Load "D:\\3 Comp\\Microcontroller Project 1 - Copy\\Microcontroller project_1.axf" 
Connecting: Mode=JTAG, Speed=1000000Hz
Erase Done.
Programming Done.
Verify OK.
</pre>
</body>
</html>
